------------------------------------------------------------
Timing Analyzer Summary
------------------------------------------------------------

Type  : Slow 1100mV 85C Model Setup 'vga_control:inst|hsync'
Slack : -4.321
TNS   : -70.863

Type  : Slow 1100mV 85C Model Setup 'vga_control:inst|vsync'
Slack : -3.827
TNS   : -79.396

Type  : Slow 1100mV 85C Model Setup 'vga_control:inst|pixel_clk'
Slack : -3.799
TNS   : -64.051

Type  : Slow 1100mV 85C Model Setup 'clock50MHz'
Slack : -3.729
TNS   : -3.729

Type  : Slow 1100mV 85C Model Hold 'vga_control:inst|hsync'
Slack : 0.444
TNS   : 0.000

Type  : Slow 1100mV 85C Model Hold 'vga_control:inst|pixel_clk'
Slack : 0.538
TNS   : 0.000

Type  : Slow 1100mV 85C Model Hold 'vga_control:inst|vsync'
Slack : 0.662
TNS   : 0.000

Type  : Slow 1100mV 85C Model Hold 'clock50MHz'
Slack : 1.495
TNS   : 0.000

Type  : Slow 1100mV 85C Model Minimum Pulse Width 'clock50MHz'
Slack : -0.895
TNS   : -1.560

Type  : Slow 1100mV 85C Model Minimum Pulse Width 'vga_control:inst|vsync'
Slack : -0.394
TNS   : -14.240

Type  : Slow 1100mV 85C Model Minimum Pulse Width 'vga_control:inst|hsync'
Slack : -0.394
TNS   : -13.122

Type  : Slow 1100mV 85C Model Minimum Pulse Width 'vga_control:inst|pixel_clk'
Slack : -0.394
TNS   : -12.927

Type  : Slow 1100mV 0C Model Setup 'vga_control:inst|hsync'
Slack : -4.355
TNS   : -72.361

Type  : Slow 1100mV 0C Model Setup 'vga_control:inst|pixel_clk'
Slack : -3.869
TNS   : -65.406

Type  : Slow 1100mV 0C Model Setup 'vga_control:inst|vsync'
Slack : -3.715
TNS   : -79.800

Type  : Slow 1100mV 0C Model Setup 'clock50MHz'
Slack : -3.644
TNS   : -3.644

Type  : Slow 1100mV 0C Model Hold 'vga_control:inst|hsync'
Slack : 0.437
TNS   : 0.000

Type  : Slow 1100mV 0C Model Hold 'vga_control:inst|pixel_clk'
Slack : 0.586
TNS   : 0.000

Type  : Slow 1100mV 0C Model Hold 'vga_control:inst|vsync'
Slack : 0.656
TNS   : 0.000

Type  : Slow 1100mV 0C Model Hold 'clock50MHz'
Slack : 1.511
TNS   : 0.000

Type  : Slow 1100mV 0C Model Minimum Pulse Width 'clock50MHz'
Slack : -0.895
TNS   : -1.585

Type  : Slow 1100mV 0C Model Minimum Pulse Width 'vga_control:inst|vsync'
Slack : -0.394
TNS   : -14.079

Type  : Slow 1100mV 0C Model Minimum Pulse Width 'vga_control:inst|pixel_clk'
Slack : -0.394
TNS   : -12.834

Type  : Slow 1100mV 0C Model Minimum Pulse Width 'vga_control:inst|hsync'
Slack : -0.394
TNS   : -12.810

Type  : Fast 1100mV 85C Model Setup 'clock50MHz'
Slack : -2.908
TNS   : -2.908

Type  : Fast 1100mV 85C Model Setup 'vga_control:inst|hsync'
Slack : -2.211
TNS   : -32.411

Type  : Fast 1100mV 85C Model Setup 'vga_control:inst|vsync'
Slack : -1.945
TNS   : -38.785

Type  : Fast 1100mV 85C Model Setup 'vga_control:inst|pixel_clk'
Slack : -1.896
TNS   : -27.108

Type  : Fast 1100mV 85C Model Hold 'vga_control:inst|pixel_clk'
Slack : 0.150
TNS   : 0.000

Type  : Fast 1100mV 85C Model Hold 'vga_control:inst|hsync'
Slack : 0.157
TNS   : 0.000

Type  : Fast 1100mV 85C Model Hold 'vga_control:inst|vsync'
Slack : 0.339
TNS   : 0.000

Type  : Fast 1100mV 85C Model Hold 'clock50MHz'
Slack : 1.493
TNS   : 0.000

Type  : Fast 1100mV 85C Model Minimum Pulse Width 'clock50MHz'
Slack : -0.784
TNS   : -1.220

Type  : Fast 1100mV 85C Model Minimum Pulse Width 'vga_control:inst|hsync'
Slack : 0.049
TNS   : 0.000

Type  : Fast 1100mV 85C Model Minimum Pulse Width 'vga_control:inst|vsync'
Slack : 0.058
TNS   : 0.000

Type  : Fast 1100mV 85C Model Minimum Pulse Width 'vga_control:inst|pixel_clk'
Slack : 0.088
TNS   : 0.000

Type  : Fast 1100mV 0C Model Setup 'clock50MHz'
Slack : -2.531
TNS   : -2.531

Type  : Fast 1100mV 0C Model Setup 'vga_control:inst|hsync'
Slack : -1.991
TNS   : -29.829

Type  : Fast 1100mV 0C Model Setup 'vga_control:inst|vsync'
Slack : -1.716
TNS   : -34.463

Type  : Fast 1100mV 0C Model Setup 'vga_control:inst|pixel_clk'
Slack : -1.711
TNS   : -24.897

Type  : Fast 1100mV 0C Model Hold 'vga_control:inst|hsync'
Slack : 0.120
TNS   : 0.000

Type  : Fast 1100mV 0C Model Hold 'vga_control:inst|pixel_clk'
Slack : 0.130
TNS   : 0.000

Type  : Fast 1100mV 0C Model Hold 'vga_control:inst|vsync'
Slack : 0.312
TNS   : 0.000

Type  : Fast 1100mV 0C Model Hold 'clock50MHz'
Slack : 1.235
TNS   : 0.000

Type  : Fast 1100mV 0C Model Minimum Pulse Width 'clock50MHz'
Slack : -0.747
TNS   : -1.154

Type  : Fast 1100mV 0C Model Minimum Pulse Width 'vga_control:inst|hsync'
Slack : 0.076
TNS   : 0.000

Type  : Fast 1100mV 0C Model Minimum Pulse Width 'vga_control:inst|vsync'
Slack : 0.081
TNS   : 0.000

Type  : Fast 1100mV 0C Model Minimum Pulse Width 'vga_control:inst|pixel_clk'
Slack : 0.104
TNS   : 0.000

------------------------------------------------------------
